Archive member included to satisfy reference by file (symbol)

c:/program files (x86)/atmel/studio/7.0/toolchain/avr8/avr8-gnu-toolchain/bin/../lib/gcc/avr/5.4.0/../../../../avr/lib/avr5\libm.a(addsf3.o)
                              MCAL/TIMER_COUNTER/TIMER1/TIMER1_FUNCTION.o (__subsf3)
c:/program files (x86)/atmel/studio/7.0/toolchain/avr8/avr8-gnu-toolchain/bin/../lib/gcc/avr/5.4.0/../../../../avr/lib/avr5\libm.a(addsf3x.o)
                              c:/program files (x86)/atmel/studio/7.0/toolchain/avr8/avr8-gnu-toolchain/bin/../lib/gcc/avr/5.4.0/../../../../avr/lib/avr5\libm.a(addsf3.o) (__addsf3x)
c:/program files (x86)/atmel/studio/7.0/toolchain/avr8/avr8-gnu-toolchain/bin/../lib/gcc/avr/5.4.0/../../../../avr/lib/avr5\libm.a(divsf3.o)
                              MCAL/ADC/ADC_FUNCTION.o (__divsf3)
c:/program files (x86)/atmel/studio/7.0/toolchain/avr8/avr8-gnu-toolchain/bin/../lib/gcc/avr/5.4.0/../../../../avr/lib/avr5\libm.a(divsf3x.o)
                              c:/program files (x86)/atmel/studio/7.0/toolchain/avr8/avr8-gnu-toolchain/bin/../lib/gcc/avr/5.4.0/../../../../avr/lib/avr5\libm.a(divsf3.o) (__divsf3x)
c:/program files (x86)/atmel/studio/7.0/toolchain/avr8/avr8-gnu-toolchain/bin/../lib/gcc/avr/5.4.0/../../../../avr/lib/avr5\libm.a(fixunssfsi.o)
                              MCAL/ADC/ADC_FUNCTION.o (__fixunssfsi)
c:/program files (x86)/atmel/studio/7.0/toolchain/avr8/avr8-gnu-toolchain/bin/../lib/gcc/avr/5.4.0/../../../../avr/lib/avr5\libm.a(floatsisf.o)
                              MCAL/ADC/ADC_FUNCTION.o (__floatunsisf)
c:/program files (x86)/atmel/studio/7.0/toolchain/avr8/avr8-gnu-toolchain/bin/../lib/gcc/avr/5.4.0/../../../../avr/lib/avr5\libm.a(fp_inf.o)
                              c:/program files (x86)/atmel/studio/7.0/toolchain/avr8/avr8-gnu-toolchain/bin/../lib/gcc/avr/5.4.0/../../../../avr/lib/avr5\libm.a(addsf3x.o) (__fp_inf)
c:/program files (x86)/atmel/studio/7.0/toolchain/avr8/avr8-gnu-toolchain/bin/../lib/gcc/avr/5.4.0/../../../../avr/lib/avr5\libm.a(fp_nan.o)
                              c:/program files (x86)/atmel/studio/7.0/toolchain/avr8/avr8-gnu-toolchain/bin/../lib/gcc/avr/5.4.0/../../../../avr/lib/avr5\libm.a(addsf3x.o) (__fp_nan)
c:/program files (x86)/atmel/studio/7.0/toolchain/avr8/avr8-gnu-toolchain/bin/../lib/gcc/avr/5.4.0/../../../../avr/lib/avr5\libm.a(fp_pscA.o)
                              c:/program files (x86)/atmel/studio/7.0/toolchain/avr8/avr8-gnu-toolchain/bin/../lib/gcc/avr/5.4.0/../../../../avr/lib/avr5\libm.a(addsf3x.o) (__fp_pscA)
c:/program files (x86)/atmel/studio/7.0/toolchain/avr8/avr8-gnu-toolchain/bin/../lib/gcc/avr/5.4.0/../../../../avr/lib/avr5\libm.a(fp_pscB.o)
                              c:/program files (x86)/atmel/studio/7.0/toolchain/avr8/avr8-gnu-toolchain/bin/../lib/gcc/avr/5.4.0/../../../../avr/lib/avr5\libm.a(addsf3x.o) (__fp_pscB)
c:/program files (x86)/atmel/studio/7.0/toolchain/avr8/avr8-gnu-toolchain/bin/../lib/gcc/avr/5.4.0/../../../../avr/lib/avr5\libm.a(fp_round.o)
                              c:/program files (x86)/atmel/studio/7.0/toolchain/avr8/avr8-gnu-toolchain/bin/../lib/gcc/avr/5.4.0/../../../../avr/lib/avr5\libm.a(addsf3.o) (__fp_round)
c:/program files (x86)/atmel/studio/7.0/toolchain/avr8/avr8-gnu-toolchain/bin/../lib/gcc/avr/5.4.0/../../../../avr/lib/avr5\libm.a(fp_split3.o)
                              c:/program files (x86)/atmel/studio/7.0/toolchain/avr8/avr8-gnu-toolchain/bin/../lib/gcc/avr/5.4.0/../../../../avr/lib/avr5\libm.a(addsf3x.o) (__fp_split3)
c:/program files (x86)/atmel/studio/7.0/toolchain/avr8/avr8-gnu-toolchain/bin/../lib/gcc/avr/5.4.0/../../../../avr/lib/avr5\libm.a(fp_zero.o)
                              c:/program files (x86)/atmel/studio/7.0/toolchain/avr8/avr8-gnu-toolchain/bin/../lib/gcc/avr/5.4.0/../../../../avr/lib/avr5\libm.a(addsf3x.o) (__fp_zero)
c:/program files (x86)/atmel/studio/7.0/toolchain/avr8/avr8-gnu-toolchain/bin/../lib/gcc/avr/5.4.0/../../../../avr/lib/avr5\libm.a(mulsf3.o)
                              MCAL/ADC/ADC_FUNCTION.o (__mulsf3)
c:/program files (x86)/atmel/studio/7.0/toolchain/avr8/avr8-gnu-toolchain/bin/../lib/gcc/avr/5.4.0/../../../../avr/lib/avr5\libm.a(mulsf3x.o)
                              c:/program files (x86)/atmel/studio/7.0/toolchain/avr8/avr8-gnu-toolchain/bin/../lib/gcc/avr/5.4.0/../../../../avr/lib/avr5\libm.a(mulsf3.o) (__mulsf3x)
c:/program files (x86)/atmel/studio/7.0/toolchain/avr8/avr8-gnu-toolchain/bin/../lib/gcc/avr/5.4.0/avr5\libgcc.a(_divmodhi4.o)
                              MCAL/TIMER_COUNTER/TIMER0/TIMER0.o (__divmodhi4)
c:/program files (x86)/atmel/studio/7.0/toolchain/avr8/avr8-gnu-toolchain/bin/../lib/gcc/avr/5.4.0/avr5\libgcc.a(_exit.o)
                              C:/Program Files (x86)/Atmel/Studio/7.0/Packs/atmel/ATmega_DFP/1.2.150/gcc/dev/atmega32/avr5/crtatmega32.o (exit)
c:/program files (x86)/atmel/studio/7.0/toolchain/avr8/avr8-gnu-toolchain/bin/../lib/gcc/avr/5.4.0/avr5\libgcc.a(_copy_data.o)
                              APP/main.o (__do_copy_data)
c:/program files (x86)/atmel/studio/7.0/toolchain/avr8/avr8-gnu-toolchain/bin/../lib/gcc/avr/5.4.0/avr5\libgcc.a(_clear_bss.o)
                              APP/PROJECT/PROJECT_PROCESSES.o (__do_clear_bss)
c:/program files (x86)/atmel/studio/7.0/toolchain/avr8/avr8-gnu-toolchain/bin/../lib/gcc/avr/5.4.0/avr5\libgcc.a(_umulhisi3.o)
                              HAL/LCD/LCD_FUNCTION.o (__umulhisi3)
c:/program files (x86)/atmel/studio/7.0/toolchain/avr8/avr8-gnu-toolchain/bin/../lib/gcc/avr/5.4.0/avr5\libgcc.a(_udivmodhi4.o)
                              c:/program files (x86)/atmel/studio/7.0/toolchain/avr8/avr8-gnu-toolchain/bin/../lib/gcc/avr/5.4.0/avr5\libgcc.a(_divmodhi4.o) (__udivmodhi4)

Allocating common symbols
Common symbol       size              file

TEMP_NEEDED         0x1               APP/PROJECT/PROJECT_PROCESSES.o
CTC_ptr             0x2               MCAL/TIMER_COUNTER/TIMER0/TIMER0.o
OV_ptr              0x2               MCAL/TIMER_COUNTER/TIMER0/TIMER0.o
CTC2_ptr            0x2               MCAL/TIMER_COUNTER/TIMER2/TIMER2_FUNCTION.o
OV2_ptr             0x2               MCAL/TIMER_COUNTER/TIMER2/TIMER2_FUNCTION.o

Discarded input sections

 .data          0x00000000        0x0 C:/Program Files (x86)/Atmel/Studio/7.0/Packs/atmel/ATmega_DFP/1.2.150/gcc/dev/atmega32/avr5/crtatmega32.o
 .bss           0x00000000        0x0 C:/Program Files (x86)/Atmel/Studio/7.0/Packs/atmel/ATmega_DFP/1.2.150/gcc/dev/atmega32/avr5/crtatmega32.o
 .text          0x00000000        0x0 APP/main.o
 .data          0x00000000        0x0 APP/main.o
 .bss           0x00000000        0x0 APP/main.o
 .text          0x00000000        0x0 APP/PROJECT/devices.o
 .data          0x00000000        0x0 APP/PROJECT/devices.o
 .bss           0x00000000        0x0 APP/PROJECT/devices.o
 .text.SET_HEATER_LED
                0x00000000       0x1c APP/PROJECT/devices.o
 .text.SET_COOLER_LED
                0x00000000       0x1c APP/PROJECT/devices.o
 .text          0x00000000        0x0 APP/PROJECT/PROJECT_INTc.o
 .data          0x00000000        0x0 APP/PROJECT/PROJECT_INTc.o
 .bss           0x00000000        0x0 APP/PROJECT/PROJECT_INTc.o
 .text          0x00000000        0x0 APP/PROJECT/PROJECT_PROCESSES.o
 .data          0x00000000        0x0 APP/PROJECT/PROJECT_PROCESSES.o
 .bss           0x00000000        0x0 APP/PROJECT/PROJECT_PROCESSES.o
 .text          0x00000000        0x0 HAL/KEYPAD/KEYPAD_FUNCTION.o
 .data          0x00000000        0x0 HAL/KEYPAD/KEYPAD_FUNCTION.o
 .bss           0x00000000        0x0 HAL/KEYPAD/KEYPAD_FUNCTION.o
 .text.KEYPAD_INIT
                0x00000000       0x5a HAL/KEYPAD/KEYPAD_FUNCTION.o
 .text.KEYPAD_READ
                0x00000000      0x18a HAL/KEYPAD/KEYPAD_FUNCTION.o
 .debug_info    0x00000000      0x4a1 HAL/KEYPAD/KEYPAD_FUNCTION.o
 .debug_abbrev  0x00000000       0xa5 HAL/KEYPAD/KEYPAD_FUNCTION.o
 .debug_aranges
                0x00000000       0x28 HAL/KEYPAD/KEYPAD_FUNCTION.o
 .debug_ranges  0x00000000       0x18 HAL/KEYPAD/KEYPAD_FUNCTION.o
 .debug_line    0x00000000      0x213 HAL/KEYPAD/KEYPAD_FUNCTION.o
 .debug_str     0x00000000      0x1b9 HAL/KEYPAD/KEYPAD_FUNCTION.o
 .comment       0x00000000       0x31 HAL/KEYPAD/KEYPAD_FUNCTION.o
 .debug_frame   0x00000000       0x34 HAL/KEYPAD/KEYPAD_FUNCTION.o
 .text          0x00000000        0x0 HAL/LCD/LCD_FUNCTION.o
 .data          0x00000000        0x0 HAL/LCD/LCD_FUNCTION.o
 .bss           0x00000000        0x0 HAL/LCD/LCD_FUNCTION.o
 .text.LCD_GOTO
                0x00000000       0x18 HAL/LCD/LCD_FUNCTION.o
 .text          0x00000000        0x0 HAL/SEVEN_SEGMENT/SEVEN_SEGMENT.o
 .data          0x00000000        0x0 HAL/SEVEN_SEGMENT/SEVEN_SEGMENT.o
 .bss           0x00000000        0x0 HAL/SEVEN_SEGMENT/SEVEN_SEGMENT.o
 .text          0x00000000        0x0 MCAL/ADC/ADC_FUNCTION.o
 .data          0x00000000        0x0 MCAL/ADC/ADC_FUNCTION.o
 .bss           0x00000000        0x0 MCAL/ADC/ADC_FUNCTION.o
 .text.ADC_ITERRAPT_FLAGE
                0x00000000        0x8 MCAL/ADC/ADC_FUNCTION.o
 .text.ADC_convertAnalog
                0x00000000       0x18 MCAL/ADC/ADC_FUNCTION.o
 .text          0x00000000        0x0 MCAL/INTERNAL_EEPROM/EEPROM_FUNCTIONS.o
 .data          0x00000000        0x0 MCAL/INTERNAL_EEPROM/EEPROM_FUNCTIONS.o
 .bss           0x00000000        0x0 MCAL/INTERNAL_EEPROM/EEPROM_FUNCTIONS.o
 .text          0x00000000        0x0 MCAL/INTERRUPT/EXTERNAL_INTERRAPT/EXTERNAL_INTERRAPT_FUNCTION.o
 .data          0x00000000        0x0 MCAL/INTERRUPT/EXTERNAL_INTERRAPT/EXTERNAL_INTERRAPT_FUNCTION.o
 .bss           0x00000000        0x0 MCAL/INTERRUPT/EXTERNAL_INTERRAPT/EXTERNAL_INTERRAPT_FUNCTION.o
 .text          0x00000000        0x0 MCAL/IO/DIO_FINCTION.o
 .data          0x00000000        0x0 MCAL/IO/DIO_FINCTION.o
 .bss           0x00000000        0x0 MCAL/IO/DIO_FINCTION.o
 .text.DIO_SIT_BYTE_VALUO
                0x00000000        0x2 MCAL/IO/DIO_FINCTION.o
 .text.DIO_SIT_BYTE_DIRICTION
                0x00000000        0x2 MCAL/IO/DIO_FINCTION.o
 .text.DIO_TOGGEL_BIT
                0x00000000       0x84 MCAL/IO/DIO_FINCTION.o
 .text.DIO_ACTIVE_PULL_UP
                0x00000000        0x8 MCAL/IO/DIO_FINCTION.o
 .text          0x00000000        0x0 MCAL/TIMER_COUNTER/TIMER0/TIMER0.o
 .data          0x00000000        0x0 MCAL/TIMER_COUNTER/TIMER0/TIMER0.o
 .bss           0x00000000        0x0 MCAL/TIMER_COUNTER/TIMER0/TIMER0.o
 .text.TIMER0_STOP
                0x00000000       0x14 MCAL/TIMER_COUNTER/TIMER0/TIMER0.o
 .text.TIMER0_setPreload
                0x00000000        0x4 MCAL/TIMER_COUNTER/TIMER0/TIMER0.o
 .text.TIMER0_READ_TIMER
                0x00000000        0x4 MCAL/TIMER_COUNTER/TIMER0/TIMER0.o
 .text.TIMER0_setCallback
                0x00000000        0xa MCAL/TIMER_COUNTER/TIMER0/TIMER0.o
 .text.TIMER_CTC0_WRITE
                0x00000000        0x4 MCAL/TIMER_COUNTER/TIMER0/TIMER0.o
 .text.TIMER0_setCallbackCTC
                0x00000000        0xa MCAL/TIMER_COUNTER/TIMER0/TIMER0.o
 .text.TIMER0_PHASE_CORRECT_PWM_PRISNTAGE
                0x00000000       0x16 MCAL/TIMER_COUNTER/TIMER0/TIMER0.o
 .text.TIMER0_FREQUANCE
                0x00000000       0x32 MCAL/TIMER_COUNTER/TIMER0/TIMER0.o
 .text          0x00000000        0x0 MCAL/TIMER_COUNTER/TIMER1/TIMER1_FUNCTION.o
 .data          0x00000000        0x0 MCAL/TIMER_COUNTER/TIMER1/TIMER1_FUNCTION.o
 .bss           0x00000000        0x0 MCAL/TIMER_COUNTER/TIMER1/TIMER1_FUNCTION.o
 .text.TIMER1_INIT
                0x00000000       0x34 MCAL/TIMER_COUNTER/TIMER1/TIMER1_FUNCTION.o
 .text.TIMER1_Duty
                0x00000000       0x2e MCAL/TIMER_COUNTER/TIMER1/TIMER1_FUNCTION.o
 .text.TIMER1_setFrequency
                0x00000000       0x4e MCAL/TIMER_COUNTER/TIMER1/TIMER1_FUNCTION.o
 .debug_info    0x00000000      0x107 MCAL/TIMER_COUNTER/TIMER1/TIMER1_FUNCTION.o
 .debug_abbrev  0x00000000       0xa5 MCAL/TIMER_COUNTER/TIMER1/TIMER1_FUNCTION.o
 .debug_loc     0x00000000       0x62 MCAL/TIMER_COUNTER/TIMER1/TIMER1_FUNCTION.o
 .debug_aranges
                0x00000000       0x30 MCAL/TIMER_COUNTER/TIMER1/TIMER1_FUNCTION.o
 .debug_ranges  0x00000000       0x20 MCAL/TIMER_COUNTER/TIMER1/TIMER1_FUNCTION.o
 .debug_line    0x00000000       0xff MCAL/TIMER_COUNTER/TIMER1/TIMER1_FUNCTION.o
 .debug_str     0x00000000      0x1c0 MCAL/TIMER_COUNTER/TIMER1/TIMER1_FUNCTION.o
 .comment       0x00000000       0x31 MCAL/TIMER_COUNTER/TIMER1/TIMER1_FUNCTION.o
 .debug_frame   0x00000000       0x44 MCAL/TIMER_COUNTER/TIMER1/TIMER1_FUNCTION.o
 .text          0x00000000        0x0 MCAL/TIMER_COUNTER/TIMER2/TIMER2_FUNCTION.o
 .data          0x00000000        0x0 MCAL/TIMER_COUNTER/TIMER2/TIMER2_FUNCTION.o
 .bss           0x00000000        0x0 MCAL/TIMER_COUNTER/TIMER2/TIMER2_FUNCTION.o
 .text.TIMER2_STOP
                0x00000000       0x14 MCAL/TIMER_COUNTER/TIMER2/TIMER2_FUNCTION.o
 .text.TIMER2_setPreload
                0x00000000        0x4 MCAL/TIMER_COUNTER/TIMER2/TIMER2_FUNCTION.o
 .text.TIMER2_READ_TIMER
                0x00000000        0x4 MCAL/TIMER_COUNTER/TIMER2/TIMER2_FUNCTION.o
 .text.TIMER2_setCallback
                0x00000000        0xa MCAL/TIMER_COUNTER/TIMER2/TIMER2_FUNCTION.o
 .text.TIMER_CTC2_WRITE
                0x00000000        0x4 MCAL/TIMER_COUNTER/TIMER2/TIMER2_FUNCTION.o
 .text.TIMER2_setCallbackCTC
                0x00000000        0xa MCAL/TIMER_COUNTER/TIMER2/TIMER2_FUNCTION.o
 .text.TIMER2_PWM_WRITE
                0x00000000        0x4 MCAL/TIMER_COUNTER/TIMER2/TIMER2_FUNCTION.o
 .text          0x00000000        0x0 c:/program files (x86)/atmel/studio/7.0/toolchain/avr8/avr8-gnu-toolchain/bin/../lib/gcc/avr/5.4.0/../../../../avr/lib/avr5\libm.a(addsf3.o)
 .data          0x00000000        0x0 c:/program files (x86)/atmel/studio/7.0/toolchain/avr8/avr8-gnu-toolchain/bin/../lib/gcc/avr/5.4.0/../../../../avr/lib/avr5\libm.a(addsf3.o)
 .bss           0x00000000        0x0 c:/program files (x86)/atmel/studio/7.0/toolchain/avr8/avr8-gnu-toolchain/bin/../lib/gcc/avr/5.4.0/../../../../avr/lib/avr5\libm.a(addsf3.o)
 .text.avr-libc.fplib
                0x00000000        0xe c:/program files (x86)/atmel/studio/7.0/toolchain/avr8/avr8-gnu-toolchain/bin/../lib/gcc/avr/5.4.0/../../../../avr/lib/avr5\libm.a(addsf3.o)
 .text          0x00000000        0x0 c:/program files (x86)/atmel/studio/7.0/toolchain/avr8/avr8-gnu-toolchain/bin/../lib/gcc/avr/5.4.0/../../../../avr/lib/avr5\libm.a(addsf3x.o)
 .data          0x00000000        0x0 c:/program files (x86)/atmel/studio/7.0/toolchain/avr8/avr8-gnu-toolchain/bin/../lib/gcc/avr/5.4.0/../../../../avr/lib/avr5\libm.a(addsf3x.o)
 .bss           0x00000000        0x0 c:/program files (x86)/atmel/studio/7.0/toolchain/avr8/avr8-gnu-toolchain/bin/../lib/gcc/avr/5.4.0/../../../../avr/lib/avr5\libm.a(addsf3x.o)
 .text.avr-libc.fplib
                0x00000000       0xcc c:/program files (x86)/atmel/studio/7.0/toolchain/avr8/avr8-gnu-toolchain/bin/../lib/gcc/avr/5.4.0/../../../../avr/lib/avr5\libm.a(addsf3x.o)
 .text          0x00000000        0x0 c:/program files (x86)/atmel/studio/7.0/toolchain/avr8/avr8-gnu-toolchain/bin/../lib/gcc/avr/5.4.0/../../../../avr/lib/avr5\libm.a(divsf3.o)
 .data          0x00000000        0x0 c:/program files (x86)/atmel/studio/7.0/toolchain/avr8/avr8-gnu-toolchain/bin/../lib/gcc/avr/5.4.0/../../../../avr/lib/avr5\libm.a(divsf3.o)
 .bss           0x00000000        0x0 c:/program files (x86)/atmel/studio/7.0/toolchain/avr8/avr8-gnu-toolchain/bin/../lib/gcc/avr/5.4.0/../../../../avr/lib/avr5\libm.a(divsf3.o)
 .text          0x00000000        0x0 c:/program files (x86)/atmel/studio/7.0/toolchain/avr8/avr8-gnu-toolchain/bin/../lib/gcc/avr/5.4.0/../../../../avr/lib/avr5\libm.a(divsf3x.o)
 .data          0x00000000        0x0 c:/program files (x86)/atmel/studio/7.0/toolchain/avr8/avr8-gnu-toolchain/bin/../lib/gcc/avr/5.4.0/../../../../avr/lib/avr5\libm.a(divsf3x.o)
 .bss           0x00000000        0x0 c:/program files (x86)/atmel/studio/7.0/toolchain/avr8/avr8-gnu-toolchain/bin/../lib/gcc/avr/5.4.0/../../../../avr/lib/avr5\libm.a(divsf3x.o)
 .text          0x00000000        0x0 c:/program files (x86)/atmel/studio/7.0/toolchain/avr8/avr8-gnu-toolchain/bin/../lib/gcc/avr/5.4.0/../../../../avr/lib/avr5\libm.a(fixunssfsi.o)
 .data          0x00000000        0x0 c:/program files (x86)/atmel/studio/7.0/toolchain/avr8/avr8-gnu-toolchain/bin/../lib/gcc/avr/5.4.0/../../../../avr/lib/avr5\libm.a(fixunssfsi.o)
 .bss           0x00000000        0x0 c:/program files (x86)/atmel/studio/7.0/toolchain/avr8/avr8-gnu-toolchain/bin/../lib/gcc/avr/5.4.0/../../../../avr/lib/avr5\libm.a(fixunssfsi.o)
 .text          0x00000000        0x0 c:/program files (x86)/atmel/studio/7.0/toolchain/avr8/avr8-gnu-toolchain/bin/../lib/gcc/avr/5.4.0/../../../../avr/lib/avr5\libm.a(floatsisf.o)
 .data          0x00000000        0x0 c:/program files (x86)/atmel/studio/7.0/toolchain/avr8/avr8-gnu-toolchain/bin/../lib/gcc/avr/5.4.0/../../../../avr/lib/avr5\libm.a(floatsisf.o)
 .bss           0x00000000        0x0 c:/program files (x86)/atmel/studio/7.0/toolchain/avr8/avr8-gnu-toolchain/bin/../lib/gcc/avr/5.4.0/../../../../avr/lib/avr5\libm.a(floatsisf.o)
 .text          0x00000000        0x0 c:/program files (x86)/atmel/studio/7.0/toolchain/avr8/avr8-gnu-toolchain/bin/../lib/gcc/avr/5.4.0/../../../../avr/lib/avr5\libm.a(fp_inf.o)
 .data          0x00000000        0x0 c:/program files (x86)/atmel/studio/7.0/toolchain/avr8/avr8-gnu-toolchain/bin/../lib/gcc/avr/5.4.0/../../../../avr/lib/avr5\libm.a(fp_inf.o)
 .bss           0x00000000        0x0 c:/program files (x86)/atmel/studio/7.0/toolchain/avr8/avr8-gnu-toolchain/bin/../lib/gcc/avr/5.4.0/../../../../avr/lib/avr5\libm.a(fp_inf.o)
 .text          0x00000000        0x0 c:/program files (x86)/atmel/studio/7.0/toolchain/avr8/avr8-gnu-toolchain/bin/../lib/gcc/avr/5.4.0/../../../../avr/lib/avr5\libm.a(fp_nan.o)
 .data          0x00000000        0x0 c:/program files (x86)/atmel/studio/7.0/toolchain/avr8/avr8-gnu-toolchain/bin/../lib/gcc/avr/5.4.0/../../../../avr/lib/avr5\libm.a(fp_nan.o)
 .bss           0x00000000        0x0 c:/program files (x86)/atmel/studio/7.0/toolchain/avr8/avr8-gnu-toolchain/bin/../lib/gcc/avr/5.4.0/../../../../avr/lib/avr5\libm.a(fp_nan.o)
 .text          0x00000000        0x0 c:/program files (x86)/atmel/studio/7.0/toolchain/avr8/avr8-gnu-toolchain/bin/../lib/gcc/avr/5.4.0/../../../../avr/lib/avr5\libm.a(fp_pscA.o)
 .data          0x00000000        0x0 c:/program files (x86)/atmel/studio/7.0/toolchain/avr8/avr8-gnu-toolchain/bin/../lib/gcc/avr/5.4.0/../../../../avr/lib/avr5\libm.a(fp_pscA.o)
 .bss           0x00000000        0x0 c:/program files (x86)/atmel/studio/7.0/toolchain/avr8/avr8-gnu-toolchain/bin/../lib/gcc/avr/5.4.0/../../../../avr/lib/avr5\libm.a(fp_pscA.o)
 .text          0x00000000        0x0 c:/program files (x86)/atmel/studio/7.0/toolchain/avr8/avr8-gnu-toolchain/bin/../lib/gcc/avr/5.4.0/../../../../avr/lib/avr5\libm.a(fp_pscB.o)
 .data          0x00000000        0x0 c:/program files (x86)/atmel/studio/7.0/toolchain/avr8/avr8-gnu-toolchain/bin/../lib/gcc/avr/5.4.0/../../../../avr/lib/avr5\libm.a(fp_pscB.o)
 .bss           0x00000000        0x0 c:/program files (x86)/atmel/studio/7.0/toolchain/avr8/avr8-gnu-toolchain/bin/../lib/gcc/avr/5.4.0/../../../../avr/lib/avr5\libm.a(fp_pscB.o)
 .text          0x00000000        0x0 c:/program files (x86)/atmel/studio/7.0/toolchain/avr8/avr8-gnu-toolchain/bin/../lib/gcc/avr/5.4.0/../../../../avr/lib/avr5\libm.a(fp_round.o)
 .data          0x00000000        0x0 c:/program files (x86)/atmel/studio/7.0/toolchain/avr8/avr8-gnu-toolchain/bin/../lib/gcc/avr/5.4.0/../../../../avr/lib/avr5\libm.a(fp_round.o)
 .bss           0x00000000        0x0 c:/program files (x86)/atmel/studio/7.0/toolchain/avr8/avr8-gnu-toolchain/bin/../lib/gcc/avr/5.4.0/../../../../avr/lib/avr5\libm.a(fp_round.o)
 .text          0x00000000        0x0 c:/program files (x86)/atmel/studio/7.0/toolchain/avr8/avr8-gnu-toolchain/bin/../lib/gcc/avr/5.4.0/../../../../avr/lib/avr5\libm.a(fp_split3.o)
 .data          0x00000000        0x0 c:/program files (x86)/atmel/studio/7.0/toolchain/avr8/avr8-gnu-toolchain/bin/../lib/gcc/avr/5.4.0/../../../../avr/lib/avr5\libm.a(fp_split3.o)
 .bss           0x00000000        0x0 c:/program files (x86)/atmel/studio/7.0/toolchain/avr8/avr8-gnu-toolchain/bin/../lib/gcc/avr/5.4.0/../../../../avr/lib/avr5\libm.a(fp_split3.o)
 .text          0x00000000        0x0 c:/program files (x86)/atmel/studio/7.0/toolchain/avr8/avr8-gnu-toolchain/bin/../lib/gcc/avr/5.4.0/../../../../avr/lib/avr5\libm.a(fp_zero.o)
 .data          0x00000000        0x0 c:/program files (x86)/atmel/studio/7.0/toolchain/avr8/avr8-gnu-toolchain/bin/../lib/gcc/avr/5.4.0/../../../../avr/lib/avr5\libm.a(fp_zero.o)
 .bss           0x00000000        0x0 c:/program files (x86)/atmel/studio/7.0/toolchain/avr8/avr8-gnu-toolchain/bin/../lib/gcc/avr/5.4.0/../../../../avr/lib/avr5\libm.a(fp_zero.o)
 .text          0x00000000        0x0 c:/program files (x86)/atmel/studio/7.0/toolchain/avr8/avr8-gnu-toolchain/bin/../lib/gcc/avr/5.4.0/../../../../avr/lib/avr5\libm.a(mulsf3.o)
 .data          0x00000000        0x0 c:/program files (x86)/atmel/studio/7.0/toolchain/avr8/avr8-gnu-toolchain/bin/../lib/gcc/avr/5.4.0/../../../../avr/lib/avr5\libm.a(mulsf3.o)
 .bss           0x00000000        0x0 c:/program files (x86)/atmel/studio/7.0/toolchain/avr8/avr8-gnu-toolchain/bin/../lib/gcc/avr/5.4.0/../../../../avr/lib/avr5\libm.a(mulsf3.o)
 .text          0x00000000        0x0 c:/program files (x86)/atmel/studio/7.0/toolchain/avr8/avr8-gnu-toolchain/bin/../lib/gcc/avr/5.4.0/../../../../avr/lib/avr5\libm.a(mulsf3x.o)
 .data          0x00000000        0x0 c:/program files (x86)/atmel/studio/7.0/toolchain/avr8/avr8-gnu-toolchain/bin/../lib/gcc/avr/5.4.0/../../../../avr/lib/avr5\libm.a(mulsf3x.o)
 .bss           0x00000000        0x0 c:/program files (x86)/atmel/studio/7.0/toolchain/avr8/avr8-gnu-toolchain/bin/../lib/gcc/avr/5.4.0/../../../../avr/lib/avr5\libm.a(mulsf3x.o)
 .text          0x00000000        0x0 c:/program files (x86)/atmel/studio/7.0/toolchain/avr8/avr8-gnu-toolchain/bin/../lib/gcc/avr/5.4.0/avr5\libgcc.a(_divmodhi4.o)
 .data          0x00000000        0x0 c:/program files (x86)/atmel/studio/7.0/toolchain/avr8/avr8-gnu-toolchain/bin/../lib/gcc/avr/5.4.0/avr5\libgcc.a(_divmodhi4.o)
 .bss           0x00000000        0x0 c:/program files (x86)/atmel/studio/7.0/toolchain/avr8/avr8-gnu-toolchain/bin/../lib/gcc/avr/5.4.0/avr5\libgcc.a(_divmodhi4.o)
 .text.libgcc.mul
                0x00000000        0x0 c:/program files (x86)/atmel/studio/7.0/toolchain/avr8/avr8-gnu-toolchain/bin/../lib/gcc/avr/5.4.0/avr5\libgcc.a(_divmodhi4.o)
 .text.libgcc   0x00000000        0x0 c:/program files (x86)/atmel/studio/7.0/toolchain/avr8/avr8-gnu-toolchain/bin/../lib/gcc/avr/5.4.0/avr5\libgcc.a(_divmodhi4.o)
 .text.libgcc.prologue
                0x00000000        0x0 c:/program files (x86)/atmel/studio/7.0/toolchain/avr8/avr8-gnu-toolchain/bin/../lib/gcc/avr/5.4.0/avr5\libgcc.a(_divmodhi4.o)
 .text.libgcc.builtins
                0x00000000        0x0 c:/program files (x86)/atmel/studio/7.0/toolchain/avr8/avr8-gnu-toolchain/bin/../lib/gcc/avr/5.4.0/avr5\libgcc.a(_divmodhi4.o)
 .text.libgcc.fmul
                0x00000000        0x0 c:/program files (x86)/atmel/studio/7.0/toolchain/avr8/avr8-gnu-toolchain/bin/../lib/gcc/avr/5.4.0/avr5\libgcc.a(_divmodhi4.o)
 .text.libgcc.fixed
                0x00000000        0x0 c:/program files (x86)/atmel/studio/7.0/toolchain/avr8/avr8-gnu-toolchain/bin/../lib/gcc/avr/5.4.0/avr5\libgcc.a(_divmodhi4.o)
 .text          0x00000000        0x0 c:/program files (x86)/atmel/studio/7.0/toolchain/avr8/avr8-gnu-toolchain/bin/../lib/gcc/avr/5.4.0/avr5\libgcc.a(_exit.o)
 .data          0x00000000        0x0 c:/program files (x86)/atmel/studio/7.0/toolchain/avr8/avr8-gnu-toolchain/bin/../lib/gcc/avr/5.4.0/avr5\libgcc.a(_exit.o)
 .bss           0x00000000        0x0 c:/program files (x86)/atmel/studio/7.0/toolchain/avr8/avr8-gnu-toolchain/bin/../lib/gcc/avr/5.4.0/avr5\libgcc.a(_exit.o)
 .text.libgcc.mul
                0x00000000        0x0 c:/program files (x86)/atmel/studio/7.0/toolchain/avr8/avr8-gnu-toolchain/bin/../lib/gcc/avr/5.4.0/avr5\libgcc.a(_exit.o)
 .text.libgcc.div
                0x00000000        0x0 c:/program files (x86)/atmel/studio/7.0/toolchain/avr8/avr8-gnu-toolchain/bin/../lib/gcc/avr/5.4.0/avr5\libgcc.a(_exit.o)
 .text.libgcc   0x00000000        0x0 c:/program files (x86)/atmel/studio/7.0/toolchain/avr8/avr8-gnu-toolchain/bin/../lib/gcc/avr/5.4.0/avr5\libgcc.a(_exit.o)
 .text.libgcc.prologue
                0x00000000        0x0 c:/program files (x86)/atmel/studio/7.0/toolchain/avr8/avr8-gnu-toolchain/bin/../lib/gcc/avr/5.4.0/avr5\libgcc.a(_exit.o)
 .text.libgcc.builtins
                0x00000000        0x0 c:/program files (x86)/atmel/studio/7.0/toolchain/avr8/avr8-gnu-toolchain/bin/../lib/gcc/avr/5.4.0/avr5\libgcc.a(_exit.o)
 .text.libgcc.fmul
                0x00000000        0x0 c:/program files (x86)/atmel/studio/7.0/toolchain/avr8/avr8-gnu-toolchain/bin/../lib/gcc/avr/5.4.0/avr5\libgcc.a(_exit.o)
 .text.libgcc.fixed
                0x00000000        0x0 c:/program files (x86)/atmel/studio/7.0/toolchain/avr8/avr8-gnu-toolchain/bin/../lib/gcc/avr/5.4.0/avr5\libgcc.a(_exit.o)
 .text          0x00000000        0x0 c:/program files (x86)/atmel/studio/7.0/toolchain/avr8/avr8-gnu-toolchain/bin/../lib/gcc/avr/5.4.0/avr5\libgcc.a(_copy_data.o)
 .data          0x00000000        0x0 c:/program files (x86)/atmel/studio/7.0/toolchain/avr8/avr8-gnu-toolchain/bin/../lib/gcc/avr/5.4.0/avr5\libgcc.a(_copy_data.o)
 .bss           0x00000000        0x0 c:/program files (x86)/atmel/studio/7.0/toolchain/avr8/avr8-gnu-toolchain/bin/../lib/gcc/avr/5.4.0/avr5\libgcc.a(_copy_data.o)
 .text.libgcc.mul
                0x00000000        0x0 c:/program files (x86)/atmel/studio/7.0/toolchain/avr8/avr8-gnu-toolchain/bin/../lib/gcc/avr/5.4.0/avr5\libgcc.a(_copy_data.o)
 .text.libgcc.div
                0x00000000        0x0 c:/program files (x86)/atmel/studio/7.0/toolchain/avr8/avr8-gnu-toolchain/bin/../lib/gcc/avr/5.4.0/avr5\libgcc.a(_copy_data.o)
 .text.libgcc   0x00000000        0x0 c:/program files (x86)/atmel/studio/7.0/toolchain/avr8/avr8-gnu-toolchain/bin/../lib/gcc/avr/5.4.0/avr5\libgcc.a(_copy_data.o)
 .text.libgcc.prologue
                0x00000000        0x0 c:/program files (x86)/atmel/studio/7.0/toolchain/avr8/avr8-gnu-toolchain/bin/../lib/gcc/avr/5.4.0/avr5\libgcc.a(_copy_data.o)
 .text.libgcc.builtins
                0x00000000        0x0 c:/program files (x86)/atmel/studio/7.0/toolchain/avr8/avr8-gnu-toolchain/bin/../lib/gcc/avr/5.4.0/avr5\libgcc.a(_copy_data.o)
 .text.libgcc.fmul
                0x00000000        0x0 c:/program files (x86)/atmel/studio/7.0/toolchain/avr8/avr8-gnu-toolchain/bin/../lib/gcc/avr/5.4.0/avr5\libgcc.a(_copy_data.o)
 .text.libgcc.fixed
                0x00000000        0x0 c:/program files (x86)/atmel/studio/7.0/toolchain/avr8/avr8-gnu-toolchain/bin/../lib/gcc/avr/5.4.0/avr5\libgcc.a(_copy_data.o)
 .text          0x00000000        0x0 c:/program files (x86)/atmel/studio/7.0/toolchain/avr8/avr8-gnu-toolchain/bin/../lib/gcc/avr/5.4.0/avr5\libgcc.a(_clear_bss.o)
 .data          0x00000000        0x0 c:/program files (x86)/atmel/studio/7.0/toolchain/avr8/avr8-gnu-toolchain/bin/../lib/gcc/avr/5.4.0/avr5\libgcc.a(_clear_bss.o)
 .bss           0x00000000        0x0 c:/program files (x86)/atmel/studio/7.0/toolchain/avr8/avr8-gnu-toolchain/bin/../lib/gcc/avr/5.4.0/avr5\libgcc.a(_clear_bss.o)
 .text.libgcc.mul
                0x00000000        0x0 c:/program files (x86)/atmel/studio/7.0/toolchain/avr8/avr8-gnu-toolchain/bin/../lib/gcc/avr/5.4.0/avr5\libgcc.a(_clear_bss.o)
 .text.libgcc.div
                0x00000000        0x0 c:/program files (x86)/atmel/studio/7.0/toolchain/avr8/avr8-gnu-toolchain/bin/../lib/gcc/avr/5.4.0/avr5\libgcc.a(_clear_bss.o)
 .text.libgcc   0x00000000        0x0 c:/program files (x86)/atmel/studio/7.0/toolchain/avr8/avr8-gnu-toolchain/bin/../lib/gcc/avr/5.4.0/avr5\libgcc.a(_clear_bss.o)
 .text.libgcc.prologue
                0x00000000        0x0 c:/program files (x86)/atmel/studio/7.0/toolchain/avr8/avr8-gnu-toolchain/bin/../lib/gcc/avr/5.4.0/avr5\libgcc.a(_clear_bss.o)
 .text.libgcc.builtins
                0x00000000        0x0 c:/program files (x86)/atmel/studio/7.0/toolchain/avr8/avr8-gnu-toolchain/bin/../lib/gcc/avr/5.4.0/avr5\libgcc.a(_clear_bss.o)
 .text.libgcc.fmul
                0x00000000        0x0 c:/program files (x86)/atmel/studio/7.0/toolchain/avr8/avr8-gnu-toolchain/bin/../lib/gcc/avr/5.4.0/avr5\libgcc.a(_clear_bss.o)
 .text.libgcc.fixed
                0x00000000        0x0 c:/program files (x86)/atmel/studio/7.0/toolchain/avr8/avr8-gnu-toolchain/bin/../lib/gcc/avr/5.4.0/avr5\libgcc.a(_clear_bss.o)
 .text          0x00000000        0x0 c:/program files (x86)/atmel/studio/7.0/toolchain/avr8/avr8-gnu-toolchain/bin/../lib/gcc/avr/5.4.0/avr5\libgcc.a(_umulhisi3.o)
 .data          0x00000000        0x0 c:/program files (x86)/atmel/studio/7.0/toolchain/avr8/avr8-gnu-toolchain/bin/../lib/gcc/avr/5.4.0/avr5\libgcc.a(_umulhisi3.o)
 .bss           0x00000000        0x0 c:/program files (x86)/atmel/studio/7.0/toolchain/avr8/avr8-gnu-toolchain/bin/../lib/gcc/avr/5.4.0/avr5\libgcc.a(_umulhisi3.o)
 .text.libgcc.div
                0x00000000        0x0 c:/program files (x86)/atmel/studio/7.0/toolchain/avr8/avr8-gnu-toolchain/bin/../lib/gcc/avr/5.4.0/avr5\libgcc.a(_umulhisi3.o)
 .text.libgcc   0x00000000        0x0 c:/program files (x86)/atmel/studio/7.0/toolchain/avr8/avr8-gnu-toolchain/bin/../lib/gcc/avr/5.4.0/avr5\libgcc.a(_umulhisi3.o)
 .text.libgcc.prologue
                0x00000000        0x0 c:/program files (x86)/atmel/studio/7.0/toolchain/avr8/avr8-gnu-toolchain/bin/../lib/gcc/avr/5.4.0/avr5\libgcc.a(_umulhisi3.o)
 .text.libgcc.builtins
                0x00000000        0x0 c:/program files (x86)/atmel/studio/7.0/toolchain/avr8/avr8-gnu-toolchain/bin/../lib/gcc/avr/5.4.0/avr5\libgcc.a(_umulhisi3.o)
 .text.libgcc.fmul
                0x00000000        0x0 c:/program files (x86)/atmel/studio/7.0/toolchain/avr8/avr8-gnu-toolchain/bin/../lib/gcc/avr/5.4.0/avr5\libgcc.a(_umulhisi3.o)
 .text.libgcc.fixed
                0x00000000        0x0 c:/program files (x86)/atmel/studio/7.0/toolchain/avr8/avr8-gnu-toolchain/bin/../lib/gcc/avr/5.4.0/avr5\libgcc.a(_umulhisi3.o)
 .text          0x00000000        0x0 c:/program files (x86)/atmel/studio/7.0/toolchain/avr8/avr8-gnu-toolchain/bin/../lib/gcc/avr/5.4.0/avr5\libgcc.a(_udivmodhi4.o)
 .data          0x00000000        0x0 c:/program files (x86)/atmel/studio/7.0/toolchain/avr8/avr8-gnu-toolchain/bin/../lib/gcc/avr/5.4.0/avr5\libgcc.a(_udivmodhi4.o)
 .bss           0x00000000        0x0 c:/program files (x86)/atmel/studio/7.0/toolchain/avr8/avr8-gnu-toolchain/bin/../lib/gcc/avr/5.4.0/avr5\libgcc.a(_udivmodhi4.o)
 .text.libgcc.mul
                0x00000000        0x0 c:/program files (x86)/atmel/studio/7.0/toolchain/avr8/avr8-gnu-toolchain/bin/../lib/gcc/avr/5.4.0/avr5\libgcc.a(_udivmodhi4.o)
 .text.libgcc   0x00000000        0x0 c:/program files (x86)/atmel/studio/7.0/toolchain/avr8/avr8-gnu-toolchain/bin/../lib/gcc/avr/5.4.0/avr5\libgcc.a(_udivmodhi4.o)
 .text.libgcc.prologue
                0x00000000        0x0 c:/program files (x86)/atmel/studio/7.0/toolchain/avr8/avr8-gnu-toolchain/bin/../lib/gcc/avr/5.4.0/avr5\libgcc.a(_udivmodhi4.o)
 .text.libgcc.builtins
                0x00000000        0x0 c:/program files (x86)/atmel/studio/7.0/toolchain/avr8/avr8-gnu-toolchain/bin/../lib/gcc/avr/5.4.0/avr5\libgcc.a(_udivmodhi4.o)
 .text.libgcc.fmul
                0x00000000        0x0 c:/program files (x86)/atmel/studio/7.0/toolchain/avr8/avr8-gnu-toolchain/bin/../lib/gcc/avr/5.4.0/avr5\libgcc.a(_udivmodhi4.o)
 .text.libgcc.fixed
                0x00000000        0x0 c:/program files (x86)/atmel/studio/7.0/toolchain/avr8/avr8-gnu-toolchain/bin/../lib/gcc/avr/5.4.0/avr5\libgcc.a(_udivmodhi4.o)

Memory Configuration

Name             Origin             Length             Attributes
text             0x00000000         0x00020000         xr
data             0x00800060         0x0000ffa0         rw !x
eeprom           0x00810000         0x00010000         rw !x
fuse             0x00820000         0x00000002         rw !x
lock             0x00830000         0x00000400         rw !x
signature        0x00840000         0x00000400         rw !x
user_signatures  0x00850000         0x00000400         rw !x
*default*        0x00000000         0xffffffff

Linker script and memory map

LOAD C:/Program Files (x86)/Atmel/Studio/7.0/Packs/atmel/ATmega_DFP/1.2.150/gcc/dev/atmega32/avr5/crtatmega32.o
LOAD APP/main.o
LOAD APP/PROJECT/devices.o
LOAD APP/PROJECT/PROJECT_INTc.o
LOAD APP/PROJECT/PROJECT_PROCESSES.o
LOAD HAL/KEYPAD/KEYPAD_FUNCTION.o
LOAD HAL/LCD/LCD_FUNCTION.o
LOAD HAL/SEVEN_SEGMENT/SEVEN_SEGMENT.o
LOAD MCAL/ADC/ADC_FUNCTION.o
LOAD MCAL/INTERNAL_EEPROM/EEPROM_FUNCTIONS.o
LOAD MCAL/INTERRUPT/EXTERNAL_INTERRAPT/EXTERNAL_INTERRAPT_FUNCTION.o
LOAD MCAL/IO/DIO_FINCTION.o
LOAD MCAL/TIMER_COUNTER/TIMER0/TIMER0.o
LOAD MCAL/TIMER_COUNTER/TIMER1/TIMER1_FUNCTION.o
LOAD MCAL/TIMER_COUNTER/TIMER2/TIMER2_FUNCTION.o
START GROUP
LOAD c:/program files (x86)/atmel/studio/7.0/toolchain/avr8/avr8-gnu-toolchain/bin/../lib/gcc/avr/5.4.0/../../../../avr/lib/avr5\libm.a
END GROUP
START GROUP
LOAD c:/program files (x86)/atmel/studio/7.0/toolchain/avr8/avr8-gnu-toolchain/bin/../lib/gcc/avr/5.4.0/avr5\libgcc.a
LOAD c:/program files (x86)/atmel/studio/7.0/toolchain/avr8/avr8-gnu-toolchain/bin/../lib/gcc/avr/5.4.0/../../../../avr/lib/avr5\libm.a
LOAD c:/program files (x86)/atmel/studio/7.0/toolchain/avr8/avr8-gnu-toolchain/bin/../lib/gcc/avr/5.4.0/../../../../avr/lib/avr5\libc.a
LOAD C:/Program Files (x86)/Atmel/Studio/7.0/Packs/atmel/ATmega_DFP/1.2.150/gcc/dev/atmega32/avr5\libatmega32.a
END GROUP
                0x00020000                __TEXT_REGION_LENGTH__ = DEFINED (__TEXT_REGION_LENGTH__)?__TEXT_REGION_LENGTH__:0x20000
                0x0000ffa0                __DATA_REGION_LENGTH__ = DEFINED (__DATA_REGION_LENGTH__)?__DATA_REGION_LENGTH__:0xffa0
                0x00010000                __EEPROM_REGION_LENGTH__ = DEFINED (__EEPROM_REGION_LENGTH__)?__EEPROM_REGION_LENGTH__:0x10000
                [0x00000002]                __FUSE_REGION_LENGTH__ = DEFINED (__FUSE_REGION_LENGTH__)?__FUSE_REGION_LENGTH__:0x400
                0x00000400                __LOCK_REGION_LENGTH__ = DEFINED (__LOCK_REGION_LENGTH__)?__LOCK_REGION_LENGTH__:0x400
                0x00000400                __SIGNATURE_REGION_LENGTH__ = DEFINED (__SIGNATURE_REGION_LENGTH__)?__SIGNATURE_REGION_LENGTH__:0x400
                0x00000400                __USER_SIGNATURE_REGION_LENGTH__ = DEFINED (__USER_SIGNATURE_REGION_LENGTH__)?__USER_SIGNATURE_REGION_LENGTH__:0x400

.hash
 *(.hash)

.dynsym
 *(.dynsym)

.dynstr
 *(.dynstr)

.gnu.version
 *(.gnu.version)

.gnu.version_d
 *(.gnu.version_d)

.gnu.version_r
 *(.gnu.version_r)

.rel.init
 *(.rel.init)

.rela.init
 *(.rela.init)

.rel.text
 *(.rel.text)
 *(.rel.text.*)
 *(.rel.gnu.linkonce.t*)

.rela.text
 *(.rela.text)
 *(.rela.text.*)
 *(.rela.gnu.linkonce.t*)

.rel.fini
 *(.rel.fini)

.rela.fini
 *(.rela.fini)

.rel.rodata
 *(.rel.rodata)
 *(.rel.rodata.*)
 *(.rel.gnu.linkonce.r*)

.rela.rodata
 *(.rela.rodata)
 *(.rela.rodata.*)
 *(.rela.gnu.linkonce.r*)

.rel.data
 *(.rel.data)
 *(.rel.data.*)
 *(.rel.gnu.linkonce.d*)

.rela.data
 *(.rela.data)
 *(.rela.data.*)
 *(.rela.gnu.linkonce.d*)

.rel.ctors
 *(.rel.ctors)

.rela.ctors
 *(.rela.ctors)

.rel.dtors
 *(.rel.dtors)

.rela.dtors
 *(.rela.dtors)

.rel.got
 *(.rel.got)

.rela.got
 *(.rela.got)

.rel.bss
 *(.rel.bss)

.rela.bss
 *(.rela.bss)

.rel.plt
 *(.rel.plt)

.rela.plt
 *(.rela.plt)

.text           0x00000000     0x1616
 *(.vectors)
 .vectors       0x00000000       0x54 C:/Program Files (x86)/Atmel/Studio/7.0/Packs/atmel/ATmega_DFP/1.2.150/gcc/dev/atmega32/avr5/crtatmega32.o
                0x00000000                __vector_default
                0x00000000                __vectors
 *(.vectors)
 *(.progmem.gcc*)
                0x00000054                . = ALIGN (0x2)
                0x00000054                __trampolines_start = .
 *(.trampolines)
 .trampolines   0x00000054        0x0 linker stubs
 *(.trampolines*)
                0x00000054                __trampolines_end = .
 *libprintf_flt.a:*(.progmem.data)
 *libc.a:*(.progmem.data)
 *(.progmem*)
                0x00000054                . = ALIGN (0x2)
 *(.jumptables)
 *(.jumptables*)
 *(.lowtext)
 *(.lowtext*)
                0x00000054                __ctors_start = .
 *(.ctors)
                0x00000054                __ctors_end = .
                0x00000054                __dtors_start = .
 *(.dtors)
                0x00000054                __dtors_end = .
 SORT(*)(.ctors)
 SORT(*)(.dtors)
 *(.init0)
 .init0         0x00000054        0x0 C:/Program Files (x86)/Atmel/Studio/7.0/Packs/atmel/ATmega_DFP/1.2.150/gcc/dev/atmega32/avr5/crtatmega32.o
                0x00000054                __init
 *(.init0)
 *(.init1)
 *(.init1)
 *(.init2)
 .init2         0x00000054        0xc C:/Program Files (x86)/Atmel/Studio/7.0/Packs/atmel/ATmega_DFP/1.2.150/gcc/dev/atmega32/avr5/crtatmega32.o
 *(.init2)
 *(.init3)
 *(.init3)
 *(.init4)
 .init4         0x00000060       0x16 c:/program files (x86)/atmel/studio/7.0/toolchain/avr8/avr8-gnu-toolchain/bin/../lib/gcc/avr/5.4.0/avr5\libgcc.a(_copy_data.o)
                0x00000060                __do_copy_data
 .init4         0x00000076       0x10 c:/program files (x86)/atmel/studio/7.0/toolchain/avr8/avr8-gnu-toolchain/bin/../lib/gcc/avr/5.4.0/avr5\libgcc.a(_clear_bss.o)
                0x00000076                __do_clear_bss
 *(.init4)
 *(.init5)
 *(.init5)
 *(.init6)
 *(.init6)
 *(.init7)
 *(.init7)
 *(.init8)
 *(.init8)
 *(.init9)
 .init9         0x00000086        0x8 C:/Program Files (x86)/Atmel/Studio/7.0/Packs/atmel/ATmega_DFP/1.2.150/gcc/dev/atmega32/avr5/crtatmega32.o
 *(.init9)
 *(.text)
 .text          0x0000008e        0x4 C:/Program Files (x86)/Atmel/Studio/7.0/Packs/atmel/ATmega_DFP/1.2.150/gcc/dev/atmega32/avr5/crtatmega32.o
                0x0000008e                __vector_12
                0x0000008e                __bad_interrupt
                0x0000008e                __vector_6
                0x0000008e                __vector_13
                0x0000008e                __vector_17
                0x0000008e                __vector_19
                0x0000008e                __vector_7
                0x0000008e                __vector_9
                0x0000008e                __vector_15
                0x0000008e                __vector_8
                0x0000008e                __vector_14
                0x0000008e                __vector_16
                0x0000008e                __vector_18
                0x0000008e                __vector_20
                0x00000092                . = ALIGN (0x2)
 *(.text.*)
 .text.main     0x00000092       0x24 APP/main.o
                0x00000092                main
 .text.PROJECT_EEPROM_INC
                0x000000b6       0x1a APP/main.o
                0x000000b6                PROJECT_EEPROM_INC
 .text.PROJECT_EEPROM_DEC
                0x000000d0       0x1a APP/main.o
                0x000000d0                PROJECT_EEPROM_DEC
 .text.SET_HEATER
                0x000000ea       0x1e APP/PROJECT/devices.o
                0x000000ea                SET_HEATER
 .text.SET_COOLER
                0x00000108       0x1c APP/PROJECT/devices.o
                0x00000108                SET_COOLER
 .text.SET_EMERGANCY
                0x00000124       0x1c APP/PROJECT/devices.o
                0x00000124                SET_EMERGANCY
 .text.SET_FIRE_FIGHTING_PUMP
                0x00000140       0x1c APP/PROJECT/devices.o
                0x00000140                SET_FIRE_FIGHTING_PUMP
 .text.THERMOSTAT_READ
                0x0000015c        0xc APP/PROJECT/devices.o
                0x0000015c                THERMOSTAT_READ
 .text.PROJECT_INIT
                0x00000168       0x62 APP/PROJECT/PROJECT_INTc.o
                0x00000168                PROJECT_INIT
 .text.__vector_11
                0x000001ca       0x74 APP/PROJECT/PROJECT_PROCESSES.o
                0x000001ca                __vector_11
 .text.PRE_EMERGANCY
                0x0000023e       0x1c APP/PROJECT/PROJECT_PROCESSES.o
                0x0000023e                PRE_EMERGANCY
 .text.EMERGANCY_CHECK
                0x0000025a       0x3a APP/PROJECT/PROJECT_PROCESSES.o
                0x0000025a                EMERGANCY_CHECK
 .text.__vector_2
                0x00000294       0x66 APP/PROJECT/PROJECT_PROCESSES.o
                0x00000294                __vector_2
 .text.__vector_3
                0x000002fa       0x4e APP/PROJECT/PROJECT_PROCESSES.o
                0x000002fa                __vector_3
 .text.__vector_1
                0x00000348       0x2c APP/PROJECT/PROJECT_PROCESSES.o
                0x00000348                __vector_1
 .text.MAIN_APP
                0x00000374      0x15e APP/PROJECT/PROJECT_PROCESSES.o
                0x00000374                MAIN_APP
 .text.LCD_SEND_DATA
                0x000004d2       0xb8 HAL/LCD/LCD_FUNCTION.o
                0x000004d2                LCD_SEND_DATA
 .text.LCD_WRITE_COMAND
                0x0000058a       0x1e HAL/LCD/LCD_FUNCTION.o
                0x0000058a                LCD_WRITE_COMAND
 .text.LCD_CLEAR
                0x000005a8        0x8 HAL/LCD/LCD_FUNCTION.o
                0x000005a8                LCD_CLEAR
 .text.LCD_INIT
                0x000005b0       0x8c HAL/LCD/LCD_FUNCTION.o
                0x000005b0                LCD_INIT
 .text.LCD_WRITE_CHAR
                0x0000063c       0x1e HAL/LCD/LCD_FUNCTION.o
                0x0000063c                LCD_WRITE_CHAR
 .text.LCD_WRITE_STRING
                0x0000065a       0x2c HAL/LCD/LCD_FUNCTION.o
                0x0000065a                LCD_WRITE_STRING
 .text.LCD_WRITE_NUMBER
                0x00000686       0xbe HAL/LCD/LCD_FUNCTION.o
                0x00000686                LCD_WRITE_NUMBER
 .text.SEVEN_SEGMENT_INIT
                0x00000744       0x32 HAL/SEVEN_SEGMENT/SEVEN_SEGMENT.o
                0x00000744                SEVEN_SEGMENT_INIT
 .text.SEVEN_SEGMENT_WRITE_SINGLE
                0x00000776       0x70 HAL/SEVEN_SEGMENT/SEVEN_SEGMENT.o
                0x00000776                SEVEN_SEGMENT_WRITE_SINGLE
 .text.SEVEN_SEGMENT_WRITE_DOUBLE
                0x000007e6       0x30 HAL/SEVEN_SEGMENT/SEVEN_SEGMENT.o
                0x000007e6                SEVEN_SEGMENT_WRITE_DOUBLE
 .text.ADC_REFRANCE_VOLTAGE
                0x00000816       0x28 MCAL/ADC/ADC_FUNCTION.o
                0x00000816                ADC_REFRANCE_VOLTAGE
 .text.ADC_READ
                0x0000083e       0x8a MCAL/ADC/ADC_FUNCTION.o
                0x0000083e                ADC_READ
 .text.ADC_PRESCALER_SELECT_BITS
                0x000008c8        0x8 MCAL/ADC/ADC_FUNCTION.o
                0x000008c8                ADC_PRESCALER_SELECT_BITS
 .text.ADC_INIT
                0x000008d0        0xe MCAL/ADC/ADC_FUNCTION.o
                0x000008d0                ADC_INIT
 .text.ADC_ANALOG_PRISANTAGE
                0x000008de       0x36 MCAL/ADC/ADC_FUNCTION.o
                0x000008de                ADC_ANALOG_PRISANTAGE
 .text.EEPROM_write
                0x00000914       0x10 MCAL/INTERNAL_EEPROM/EEPROM_FUNCTIONS.o
                0x00000914                EEPROM_write
 .text.EEPROM_read
                0x00000924        0xe MCAL/INTERNAL_EEPROM/EEPROM_FUNCTIONS.o
                0x00000924                EEPROM_read
 .text.EXTERNAL_ETERRAPT_ENABLE
                0x00000932       0xce MCAL/INTERRUPT/EXTERNAL_INTERRAPT/EXTERNAL_INTERRAPT_FUNCTION.o
                0x00000932                EXTERNAL_ETERRAPT_ENABLE
 .text.DIO_SIT_BIT_VALUO
                0x00000a00      0x16c MCAL/IO/DIO_FINCTION.o
                0x00000a00                DIO_SIT_BIT_VALUO
 .text.DIO_SIT_BIT_DIRICTION
                0x00000b6c      0x14c MCAL/IO/DIO_FINCTION.o
                0x00000b6c                DIO_SIT_BIT_DIRICTION
 .text.DIO_INPUT
                0x00000cb8       0x76 MCAL/IO/DIO_FINCTION.o
                0x00000cb8                DIO_INPUT
 .text.TIMER0_INIT
                0x00000d2e      0x152 MCAL/TIMER_COUNTER/TIMER0/TIMER0.o
                0x00000d2e                TIMER0_INIT
 .text.TIMER0_START
                0x00000e80       0xa8 MCAL/TIMER_COUNTER/TIMER0/TIMER0.o
                0x00000e80                TIMER0_START
 .text.__vector_10
                0x00000f28       0x4e MCAL/TIMER_COUNTER/TIMER0/TIMER0.o
                0x00000f28                __vector_10
 .text.TIMER2_INIT
                0x00000f76      0x152 MCAL/TIMER_COUNTER/TIMER2/TIMER2_FUNCTION.o
                0x00000f76                TIMER2_INIT
 .text.TIMER2_START
                0x000010c8       0xa8 MCAL/TIMER_COUNTER/TIMER2/TIMER2_FUNCTION.o
                0x000010c8                TIMER2_START
 .text.TIMER2_FREQUANCE
                0x00001170       0x48 MCAL/TIMER_COUNTER/TIMER2/TIMER2_FUNCTION.o
                0x00001170                TIMER2_FREQUANCE
 .text.__vector_5
                0x000011b8       0x4e MCAL/TIMER_COUNTER/TIMER2/TIMER2_FUNCTION.o
                0x000011b8                __vector_5
 .text.__vector_4
                0x00001206       0x4e MCAL/TIMER_COUNTER/TIMER2/TIMER2_FUNCTION.o
                0x00001206                __vector_4
 .text.TIMER2_PHASE_CORRECT_PWM_PRISNTAGE
                0x00001254       0x18 MCAL/TIMER_COUNTER/TIMER2/TIMER2_FUNCTION.o
                0x00001254                TIMER2_PHASE_CORRECT_PWM_PRISNTAGE
 .text.avr-libc.fplib
                0x0000126c        0x8 c:/program files (x86)/atmel/studio/7.0/toolchain/avr8/avr8-gnu-toolchain/bin/../lib/gcc/avr/5.4.0/../../../../avr/lib/avr5\libm.a(divsf3.o)
                0x0000126c                __divsf3
 .text.avr-libc.fplib
                0x00001274       0xdc c:/program files (x86)/atmel/studio/7.0/toolchain/avr8/avr8-gnu-toolchain/bin/../lib/gcc/avr/5.4.0/../../../../avr/lib/avr5\libm.a(divsf3x.o)
                0x00001294                __divsf3x
                0x0000129a                __divsf3_pse
 .text.avr-libc.fplib
                0x00001350       0x5e c:/program files (x86)/atmel/studio/7.0/toolchain/avr8/avr8-gnu-toolchain/bin/../lib/gcc/avr/5.4.0/../../../../avr/lib/avr5\libm.a(fixunssfsi.o)
                0x00001350                __fixunssfsi
 .text.avr-libc.fplib
                0x000013ae       0x7a c:/program files (x86)/atmel/studio/7.0/toolchain/avr8/avr8-gnu-toolchain/bin/../lib/gcc/avr/5.4.0/../../../../avr/lib/avr5\libm.a(floatsisf.o)
                0x000013ae                __floatunsisf
                0x000013b2                __floatsisf
 .text.avr-libc.fplib
                0x00001428        0xc c:/program files (x86)/atmel/studio/7.0/toolchain/avr8/avr8-gnu-toolchain/bin/../lib/gcc/avr/5.4.0/../../../../avr/lib/avr5\libm.a(fp_inf.o)
                0x00001428                __fp_inf
 .text.avr-libc.fplib
                0x00001434        0x6 c:/program files (x86)/atmel/studio/7.0/toolchain/avr8/avr8-gnu-toolchain/bin/../lib/gcc/avr/5.4.0/../../../../avr/lib/avr5\libm.a(fp_nan.o)
                0x00001434                __fp_nan
 .text.avr-libc.fplib
                0x0000143a        0xe c:/program files (x86)/atmel/studio/7.0/toolchain/avr8/avr8-gnu-toolchain/bin/../lib/gcc/avr/5.4.0/../../../../avr/lib/avr5\libm.a(fp_pscA.o)
                0x0000143a                __fp_pscA
 .text.avr-libc.fplib
                0x00001448        0xe c:/program files (x86)/atmel/studio/7.0/toolchain/avr8/avr8-gnu-toolchain/bin/../lib/gcc/avr/5.4.0/../../../../avr/lib/avr5\libm.a(fp_pscB.o)
                0x00001448                __fp_pscB
 .text.avr-libc.fplib
                0x00001456       0x22 c:/program files (x86)/atmel/studio/7.0/toolchain/avr8/avr8-gnu-toolchain/bin/../lib/gcc/avr/5.4.0/../../../../avr/lib/avr5\libm.a(fp_round.o)
                0x00001456                __fp_round
 .text.avr-libc.fplib
                0x00001478       0x44 c:/program files (x86)/atmel/studio/7.0/toolchain/avr8/avr8-gnu-toolchain/bin/../lib/gcc/avr/5.4.0/../../../../avr/lib/avr5\libm.a(fp_split3.o)
                0x00001478                __fp_split3
                0x00001488                __fp_splitA
 .text.avr-libc.fplib
                0x000014bc        0xe c:/program files (x86)/atmel/studio/7.0/toolchain/avr8/avr8-gnu-toolchain/bin/../lib/gcc/avr/5.4.0/../../../../avr/lib/avr5\libm.a(fp_zero.o)
                0x000014bc                __fp_zero
                0x000014be                __fp_szero
 .text.avr-libc.fplib
                0x000014ca        0x8 c:/program files (x86)/atmel/studio/7.0/toolchain/avr8/avr8-gnu-toolchain/bin/../lib/gcc/avr/5.4.0/../../../../avr/lib/avr5\libm.a(mulsf3.o)
                0x000014ca                __mulsf3
 .text.avr-libc.fplib
                0x000014d2       0xd2 c:/program files (x86)/atmel/studio/7.0/toolchain/avr8/avr8-gnu-toolchain/bin/../lib/gcc/avr/5.4.0/../../../../avr/lib/avr5\libm.a(mulsf3x.o)
                0x000014f0                __mulsf3x
                0x000014f6                __mulsf3_pse
 .text.libgcc.div
                0x000015a4       0x28 c:/program files (x86)/atmel/studio/7.0/toolchain/avr8/avr8-gnu-toolchain/bin/../lib/gcc/avr/5.4.0/avr5\libgcc.a(_divmodhi4.o)
                0x000015a4                _div
                0x000015a4                __divmodhi4
 .text.libgcc.mul
                0x000015cc       0x1e c:/program files (x86)/atmel/studio/7.0/toolchain/avr8/avr8-gnu-toolchain/bin/../lib/gcc/avr/5.4.0/avr5\libgcc.a(_umulhisi3.o)
                0x000015cc                __umulhisi3
 .text.libgcc.div
                0x000015ea       0x28 c:/program files (x86)/atmel/studio/7.0/toolchain/avr8/avr8-gnu-toolchain/bin/../lib/gcc/avr/5.4.0/avr5\libgcc.a(_udivmodhi4.o)
                0x000015ea                __udivmodhi4
                0x00001612                . = ALIGN (0x2)
 *(.fini9)
 .fini9         0x00001612        0x0 c:/program files (x86)/atmel/studio/7.0/toolchain/avr8/avr8-gnu-toolchain/bin/../lib/gcc/avr/5.4.0/avr5\libgcc.a(_exit.o)
                0x00001612                _exit
                0x00001612                exit
 *(.fini9)
 *(.fini8)
 *(.fini8)
 *(.fini7)
 *(.fini7)
 *(.fini6)
 *(.fini6)
 *(.fini5)
 *(.fini5)
 *(.fini4)
 *(.fini4)
 *(.fini3)
 *(.fini3)
 *(.fini2)
 *(.fini2)
 *(.fini1)
 *(.fini1)
 *(.fini0)
 .fini0         0x00001612        0x4 c:/program files (x86)/atmel/studio/7.0/toolchain/avr8/avr8-gnu-toolchain/bin/../lib/gcc/avr/5.4.0/avr5\libgcc.a(_exit.o)
 *(.fini0)
                0x00001616                _etext = .

.data           0x00800060        0xe load address 0x00001616
                0x00800060                PROVIDE (__data_start, .)
 *(.data)
 *(.data*)
 .data.EMERGANCY_TEMP
                0x00800060        0x1 APP/PROJECT/PROJECT_PROCESSES.o
                0x00800060                EMERGANCY_TEMP
 .data.MAX_TEMP
                0x00800061        0x1 APP/PROJECT/PROJECT_PROCESSES.o
                0x00800061                MAX_TEMP
 *(.gnu.linkonce.d*)
 *(.rodata)
 *(.rodata*)
 .rodata.str1.1
                0x00800062        0xc APP/main.o
 *(.gnu.linkonce.r*)
                0x0080006e                . = ALIGN (0x2)
                0x0080006e                _edata = .
                0x0080006e                PROVIDE (__data_end, .)

.bss            0x0080006e        0xf
                0x0080006e                PROVIDE (__bss_start, .)
 *(.bss)
 *(.bss*)
 .bss.COLLER_STATE
                0x0080006e        0x1 APP/PROJECT/PROJECT_PROCESSES.o
                0x0080006e                COLLER_STATE
 .bss.I         0x0080006f        0x1 APP/PROJECT/PROJECT_PROCESSES.o
                0x0080006f                I
 .bss.EMERGANCY_FLAG
                0x00800070        0x1 APP/PROJECT/PROJECT_PROCESSES.o
                0x00800070                EMERGANCY_FLAG
 .bss.OVERFLOW  0x00800071        0x1 APP/PROJECT/PROJECT_PROCESSES.o
                0x00800071                OVERFLOW
 .bss.START_STOP_FLAG
                0x00800072        0x1 APP/PROJECT/PROJECT_PROCESSES.o
                0x00800072                START_STOP_FLAG
 .bss.TEMP      0x00800073        0x1 APP/PROJECT/PROJECT_PROCESSES.o
                0x00800073                TEMP
 *(COMMON)
 COMMON         0x00800074        0x1 APP/PROJECT/PROJECT_PROCESSES.o
                0x00800074                TEMP_NEEDED
 COMMON         0x00800075        0x4 MCAL/TIMER_COUNTER/TIMER0/TIMER0.o
                0x00800075                CTC_ptr
                0x00800077                OV_ptr
 COMMON         0x00800079        0x4 MCAL/TIMER_COUNTER/TIMER2/TIMER2_FUNCTION.o
                0x00800079                CTC2_ptr
                0x0080007b                OV2_ptr
                0x0080007d                PROVIDE (__bss_end, .)
                0x00001616                __data_load_start = LOADADDR (.data)
                0x00001624                __data_load_end = (__data_load_start + SIZEOF (.data))

.noinit         0x0080007d        0x0
                [!provide]                PROVIDE (__noinit_start, .)
 *(.noinit*)
                [!provide]                PROVIDE (__noinit_end, .)
                0x0080007d                _end = .
                [!provide]                PROVIDE (__heap_start, .)

.eeprom         0x00810000        0x0
 *(.eeprom*)
                0x00810000                __eeprom_end = .

.fuse
 *(.fuse)
 *(.lfuse)
 *(.hfuse)
 *(.efuse)

.lock
 *(.lock*)

.signature
 *(.signature*)

.user_signatures
 *(.user_signatures*)

.stab
 *(.stab)

.stabstr
 *(.stabstr)

.stab.excl
 *(.stab.excl)

.stab.exclstr
 *(.stab.exclstr)

.stab.index
 *(.stab.index)

.stab.indexstr
 *(.stab.indexstr)

.comment        0x00000000       0x30
 *(.comment)
 .comment       0x00000000       0x30 APP/main.o
                                 0x31 (size before relaxing)
 .comment       0x00000030       0x31 APP/PROJECT/devices.o
 .comment       0x00000030       0x31 APP/PROJECT/PROJECT_INTc.o
 .comment       0x00000030       0x31 APP/PROJECT/PROJECT_PROCESSES.o
 .comment       0x00000030       0x31 HAL/LCD/LCD_FUNCTION.o
 .comment       0x00000030       0x31 HAL/SEVEN_SEGMENT/SEVEN_SEGMENT.o
 .comment       0x00000030       0x31 MCAL/ADC/ADC_FUNCTION.o
 .comment       0x00000030       0x31 MCAL/INTERNAL_EEPROM/EEPROM_FUNCTIONS.o
 .comment       0x00000030       0x31 MCAL/INTERRUPT/EXTERNAL_INTERRAPT/EXTERNAL_INTERRAPT_FUNCTION.o
 .comment       0x00000030       0x31 MCAL/IO/DIO_FINCTION.o
 .comment       0x00000030       0x31 MCAL/TIMER_COUNTER/TIMER0/TIMER0.o
 .comment       0x00000030       0x31 MCAL/TIMER_COUNTER/TIMER2/TIMER2_FUNCTION.o

.note.gnu.avr.deviceinfo
                0x00000000       0x3c
 .note.gnu.avr.deviceinfo
                0x00000000       0x3c C:/Program Files (x86)/Atmel/Studio/7.0/Packs/atmel/ATmega_DFP/1.2.150/gcc/dev/atmega32/avr5/crtatmega32.o

.note.gnu.build-id
 *(.note.gnu.build-id)

.debug
 *(.debug)

.line
 *(.line)

.debug_srcinfo
 *(.debug_srcinfo)

.debug_sfnames
 *(.debug_sfnames)

.debug_aranges  0x00000000      0x350
 *(.debug_aranges)
 .debug_aranges
                0x00000000       0x30 APP/main.o
 .debug_aranges
                0x00000030       0x50 APP/PROJECT/devices.o
 .debug_aranges
                0x00000080       0x20 APP/PROJECT/PROJECT_INTc.o
 .debug_aranges
                0x000000a0       0x50 APP/PROJECT/PROJECT_PROCESSES.o
 .debug_aranges
                0x000000f0       0x58 HAL/LCD/LCD_FUNCTION.o
 .debug_aranges
                0x00000148       0x30 HAL/SEVEN_SEGMENT/SEVEN_SEGMENT.o
 .debug_aranges
                0x00000178       0x50 MCAL/ADC/ADC_FUNCTION.o
 .debug_aranges
                0x000001c8       0x28 MCAL/INTERNAL_EEPROM/EEPROM_FUNCTIONS.o
 .debug_aranges
                0x000001f0       0x20 MCAL/INTERRUPT/EXTERNAL_INTERRAPT/EXTERNAL_INTERRAPT_FUNCTION.o
 .debug_aranges
                0x00000210       0x50 MCAL/IO/DIO_FINCTION.o
 .debug_aranges
                0x00000260       0x70 MCAL/TIMER_COUNTER/TIMER0/TIMER0.o
 .debug_aranges
                0x000002d0       0x80 MCAL/TIMER_COUNTER/TIMER2/TIMER2_FUNCTION.o

.debug_pubnames
 *(.debug_pubnames)

.debug_info     0x00000000     0x26f2
 *(.debug_info .gnu.linkonce.wi.*)
 .debug_info    0x00000000      0x4e6 C:/Program Files (x86)/Atmel/Studio/7.0/Packs/atmel/ATmega_DFP/1.2.150/gcc/dev/atmega32/avr5/crtatmega32.o
 .debug_info    0x000004e6      0x1f9 APP/main.o
 .debug_info    0x000006df      0x318 APP/PROJECT/devices.o
 .debug_info    0x000009f7      0x1fb APP/PROJECT/PROJECT_INTc.o
 .debug_info    0x00000bf2      0x43c APP/PROJECT/PROJECT_PROCESSES.o
 .debug_info    0x0000102e      0x78a HAL/LCD/LCD_FUNCTION.o
 .debug_info    0x000017b8      0x350 HAL/SEVEN_SEGMENT/SEVEN_SEGMENT.o
 .debug_info    0x00001b08      0x1b6 MCAL/ADC/ADC_FUNCTION.o
 .debug_info    0x00001cbe       0xdb MCAL/INTERNAL_EEPROM/EEPROM_FUNCTIONS.o
 .debug_info    0x00001d99       0xbb MCAL/INTERRUPT/EXTERNAL_INTERRAPT/EXTERNAL_INTERRAPT_FUNCTION.o
 .debug_info    0x00001e54      0x1dc MCAL/IO/DIO_FINCTION.o
 .debug_info    0x00002030      0x336 MCAL/TIMER_COUNTER/TIMER0/TIMER0.o
 .debug_info    0x00002366      0x38c MCAL/TIMER_COUNTER/TIMER2/TIMER2_FUNCTION.o

.debug_abbrev   0x00000000      0xfd6
 *(.debug_abbrev)
 .debug_abbrev  0x00000000      0x4a3 C:/Program Files (x86)/Atmel/Studio/7.0/Packs/atmel/ATmega_DFP/1.2.150/gcc/dev/atmega32/avr5/crtatmega32.o
 .debug_abbrev  0x000004a3       0xb5 APP/main.o
 .debug_abbrev  0x00000558       0xd9 APP/PROJECT/devices.o
 .debug_abbrev  0x00000631       0xa1 APP/PROJECT/PROJECT_INTc.o
 .debug_abbrev  0x000006d2       0xe8 APP/PROJECT/PROJECT_PROCESSES.o
 .debug_abbrev  0x000007ba      0x185 HAL/LCD/LCD_FUNCTION.o
 .debug_abbrev  0x0000093f      0x136 HAL/SEVEN_SEGMENT/SEVEN_SEGMENT.o
 .debug_abbrev  0x00000a75      0x149 MCAL/ADC/ADC_FUNCTION.o
 .debug_abbrev  0x00000bbe       0x8b MCAL/INTERNAL_EEPROM/EEPROM_FUNCTIONS.o
 .debug_abbrev  0x00000c49       0x6f MCAL/INTERRUPT/EXTERNAL_INTERRAPT/EXTERNAL_INTERRAPT_FUNCTION.o
 .debug_abbrev  0x00000cb8       0xbc MCAL/IO/DIO_FINCTION.o
 .debug_abbrev  0x00000d74      0x131 MCAL/TIMER_COUNTER/TIMER0/TIMER0.o
 .debug_abbrev  0x00000ea5      0x131 MCAL/TIMER_COUNTER/TIMER2/TIMER2_FUNCTION.o

.debug_line     0x00000000     0x1c91
 *(.debug_line .debug_line.* .debug_line_end)
 .debug_line    0x00000000      0x115 C:/Program Files (x86)/Atmel/Studio/7.0/Packs/atmel/ATmega_DFP/1.2.150/gcc/dev/atmega32/avr5/crtatmega32.o
 .debug_line    0x00000115      0x114 APP/main.o
 .debug_line    0x00000229      0x1ca APP/PROJECT/devices.o
 .debug_line    0x000003f3      0x18a APP/PROJECT/PROJECT_INTc.o
 .debug_line    0x0000057d      0x31a APP/PROJECT/PROJECT_PROCESSES.o
 .debug_line    0x00000897      0x366 HAL/LCD/LCD_FUNCTION.o
 .debug_line    0x00000bfd      0x1f3 HAL/SEVEN_SEGMENT/SEVEN_SEGMENT.o
 .debug_line    0x00000df0      0x291 MCAL/ADC/ADC_FUNCTION.o
 .debug_line    0x00001081       0xc2 MCAL/INTERNAL_EEPROM/EEPROM_FUNCTIONS.o
 .debug_line    0x00001143      0x15a MCAL/INTERRUPT/EXTERNAL_INTERRAPT/EXTERNAL_INTERRAPT_FUNCTION.o
 .debug_line    0x0000129d      0x243 MCAL/IO/DIO_FINCTION.o
 .debug_line    0x000014e0      0x3ae MCAL/TIMER_COUNTER/TIMER0/TIMER0.o
 .debug_line    0x0000188e      0x403 MCAL/TIMER_COUNTER/TIMER2/TIMER2_FUNCTION.o

.debug_frame    0x00000000      0x770
 *(.debug_frame)
 .debug_frame   0x00000000       0x44 APP/main.o
 .debug_frame   0x00000044       0x8c APP/PROJECT/devices.o
 .debug_frame   0x000000d0       0x24 APP/PROJECT/PROJECT_INTc.o
 .debug_frame   0x000000f4      0x174 APP/PROJECT/PROJECT_PROCESSES.o
 .debug_frame   0x00000268       0xd4 HAL/LCD/LCD_FUNCTION.o
 .debug_frame   0x0000033c       0x54 HAL/SEVEN_SEGMENT/SEVEN_SEGMENT.o
 .debug_frame   0x00000390       0x84 MCAL/ADC/ADC_FUNCTION.o
 .debug_frame   0x00000414       0x34 MCAL/INTERNAL_EEPROM/EEPROM_FUNCTIONS.o
 .debug_frame   0x00000448       0x24 MCAL/INTERRUPT/EXTERNAL_INTERRAPT/EXTERNAL_INTERRAPT_FUNCTION.o
 .debug_frame   0x0000046c       0x84 MCAL/IO/DIO_FINCTION.o
 .debug_frame   0x000004f0      0x10c MCAL/TIMER_COUNTER/TIMER0/TIMER0.o
 .debug_frame   0x000005fc      0x174 MCAL/TIMER_COUNTER/TIMER2/TIMER2_FUNCTION.o

.debug_str      0x00000000      0xad0
 *(.debug_str)
 .debug_str     0x00000000      0x196 C:/Program Files (x86)/Atmel/Studio/7.0/Packs/atmel/ATmega_DFP/1.2.150/gcc/dev/atmega32/avr5/crtatmega32.o
 .debug_str     0x00000196      0x1e3 APP/main.o
                                0x217 (size before relaxing)
 .debug_str     0x00000379      0x13e APP/PROJECT/devices.o
                                0x240 (size before relaxing)
 .debug_str     0x000004b7       0x8b APP/PROJECT/PROJECT_INTc.o
                                0x1db (size before relaxing)
 .debug_str     0x00000542       0xec APP/PROJECT/PROJECT_PROCESSES.o
                                0x2ba (size before relaxing)
 .debug_str     0x0000062e       0x9e HAL/LCD/LCD_FUNCTION.o
                                0x283 (size before relaxing)
 .debug_str     0x000006cc       0x59 HAL/SEVEN_SEGMENT/SEVEN_SEGMENT.o
                                0x276 (size before relaxing)
 .debug_str     0x00000725       0x8f MCAL/ADC/ADC_FUNCTION.o
                                0x233 (size before relaxing)
 .debug_str     0x000007b4       0x3c MCAL/INTERNAL_EEPROM/EEPROM_FUNCTIONS.o
                                0x191 (size before relaxing)
 .debug_str     0x000007f0       0x77 MCAL/INTERRUPT/EXTERNAL_INTERRAPT/EXTERNAL_INTERRAPT_FUNCTION.o
                                0x20c (size before relaxing)
 .debug_str     0x00000867       0x88 MCAL/IO/DIO_FINCTION.o
                                0x1fc (size before relaxing)
 .debug_str     0x000008ef      0x103 MCAL/TIMER_COUNTER/TIMER0/TIMER0.o
                                0x27b (size before relaxing)
 .debug_str     0x000009f2       0xde MCAL/TIMER_COUNTER/TIMER2/TIMER2_FUNCTION.o
                                0x2a1 (size before relaxing)

.debug_loc      0x00000000     0x1674
 *(.debug_loc)
 .debug_loc     0x00000000       0x4a APP/main.o
 .debug_loc     0x0000004a      0x170 APP/PROJECT/devices.o
 .debug_loc     0x000001ba      0x2bf APP/PROJECT/PROJECT_PROCESSES.o
 .debug_loc     0x00000479      0x53a HAL/LCD/LCD_FUNCTION.o
 .debug_loc     0x000009b3      0x183 HAL/SEVEN_SEGMENT/SEVEN_SEGMENT.o
 .debug_loc     0x00000b36       0x8d MCAL/ADC/ADC_FUNCTION.o
 .debug_loc     0x00000bc3       0x24 MCAL/INTERNAL_EEPROM/EEPROM_FUNCTIONS.o
 .debug_loc     0x00000be7       0x53 MCAL/INTERRUPT/EXTERNAL_INTERRAPT/EXTERNAL_INTERRAPT_FUNCTION.o
 .debug_loc     0x00000c3a      0x25a MCAL/IO/DIO_FINCTION.o
 .debug_loc     0x00000e94      0x377 MCAL/TIMER_COUNTER/TIMER0/TIMER0.o
 .debug_loc     0x0000120b      0x469 MCAL/TIMER_COUNTER/TIMER2/TIMER2_FUNCTION.o

.debug_macinfo
 *(.debug_macinfo)

.debug_weaknames
 *(.debug_weaknames)

.debug_funcnames
 *(.debug_funcnames)

.debug_typenames
 *(.debug_typenames)

.debug_varnames
 *(.debug_varnames)

.debug_pubtypes
 *(.debug_pubtypes)

.debug_ranges   0x00000000      0x290
 *(.debug_ranges)
 .debug_ranges  0x00000000       0x20 APP/main.o
 .debug_ranges  0x00000020       0x40 APP/PROJECT/devices.o
 .debug_ranges  0x00000060       0x10 APP/PROJECT/PROJECT_INTc.o
 .debug_ranges  0x00000070       0x40 APP/PROJECT/PROJECT_PROCESSES.o
 .debug_ranges  0x000000b0       0x48 HAL/LCD/LCD_FUNCTION.o
 .debug_ranges  0x000000f8       0x20 HAL/SEVEN_SEGMENT/SEVEN_SEGMENT.o
 .debug_ranges  0x00000118       0x40 MCAL/ADC/ADC_FUNCTION.o
 .debug_ranges  0x00000158       0x18 MCAL/INTERNAL_EEPROM/EEPROM_FUNCTIONS.o
 .debug_ranges  0x00000170       0x10 MCAL/INTERRUPT/EXTERNAL_INTERRAPT/EXTERNAL_INTERRAPT_FUNCTION.o
 .debug_ranges  0x00000180       0x40 MCAL/IO/DIO_FINCTION.o
 .debug_ranges  0x000001c0       0x60 MCAL/TIMER_COUNTER/TIMER0/TIMER0.o
 .debug_ranges  0x00000220       0x70 MCAL/TIMER_COUNTER/TIMER2/TIMER2_FUNCTION.o

.debug_macro
 *(.debug_macro)
OUTPUT(ASG_1_DIO.elf elf32-avr)
LOAD linker stubs
